fetched 0/682
fetched 100/682
fetched 200/682
fetched 300/682
fetched 400/682
fetched 500/682
fetched 600/682
pairs=682 with_data=650 delisted_in_sample=477 2020-10-01..2026-09-30

costs 10+5 bps/side, delist haircut 50%, universe top20 by 30d volume (PIT)
                                      cagr  sharpe  max_dd    h1    h2  worst_year  y2020  y2021  y2022  y2023  y2024  y2025  y2026
BTC buy&hold                          25.6    0.70   -76.6  36.4  15.7       -64.2  172.0   59.8  -64.2  155.6  121.3   -6.3  -52.3
mom30d top5 vol40 | BTC>SMA50d&200d   12.1    0.50   -44.4   0.4  25.1       -23.2    0.0   30.7    0.0   27.7   32.7  -23.2   16.5
mom14d top3 equal | BTC>SMA50d&200d    8.0    0.48   -75.2  -6.3  24.6       -18.0    0.0   79.6    0.0   18.3    0.5  -18.0   -9.3
mom14d top3 vol40 | BTC>SMA50d&200d    9.5    0.44   -43.5   2.1  17.3       -21.3    0.0   22.7    0.0   33.5   30.1  -21.3    2.7
mom14d top3 equal | BTC>SMA200d       -3.4    0.40   -86.7 -13.3   7.7       -33.3    0.0  119.6    0.0  -23.3  -20.2  -33.3   -9.3
mom14d top3 vol40 | BTC>SMA200d        8.0    0.39   -52.6   5.0  11.0       -22.3    0.0   46.9    0.0   21.2   11.7  -22.3    2.7
mom30d top5 vol40 | BTC>SMA200d        8.0    0.39   -55.3  -0.5  17.3       -29.8    0.0   43.6    0.0   13.2   19.7  -29.8   16.5
mom30d top10 vol40 | BTC>SMA50d&200d   6.5    0.36   -57.7  -4.0  18.1       -30.2    0.0   19.7    0.0   39.0   19.5  -30.2    5.0
mom30d top3 vol40 | BTC>SMA50d&200d    5.4    0.33   -38.3  -2.9  14.4       -11.2    0.0   15.8    0.0   -3.1   33.6  -11.2    3.0
mom14d top5 vol40 | BTC>SMA50d&200d    5.1    0.32   -52.2  -5.1  16.3       -27.6    0.0   16.2    0.0   20.7   27.8  -27.6    3.8
mom30d top10 vol40 | BTC>SMA200d       3.2    0.32   -64.3  -6.4  13.8       -32.0    0.0   20.6    0.0   27.8    9.8  -32.0    5.0
mom30d top3 equal | BTC>SMA200d      -10.8    0.30   -91.1 -13.5  -8.1       -54.1    0.0  166.5    0.0  -54.1  -15.5  -42.7  -15.1
mom30d top5 equal | BTC>SMA50d&200d   -1.0    0.29   -73.9 -10.8   9.8       -37.9    0.0   74.1    0.0  -15.3   -1.6  -37.9    4.4
mom30d top3 equal | BTC>SMA50d&200d   -4.7    0.29   -79.1 -17.4   9.9       -33.3    0.0   59.3    0.0  -33.3   10.5  -25.0  -15.1
mom14d top5 vol40 | BTC>SMA200d        3.4    0.29   -58.3  -4.5  11.9       -28.6    0.0   28.4    0.0   11.6   15.3  -28.6    3.8
mom30d top5 equal | BTC>SMA200d       -7.2    0.28   -85.1 -12.3  -1.7       -48.0    0.0  106.4    0.0  -32.1  -16.0  -48.0    4.4
mom30d top3 vol40 | BTC>SMA200d        3.5    0.27   -48.2  -2.4   9.7       -16.3    0.0   35.9    0.0  -16.3   22.7  -14.7    3.0
mom14d top5 equal | BTC>SMA50d&200d   -1.4    0.27   -70.7 -16.8  16.8       -30.8    0.0   30.1    0.0   -4.9    1.9  -30.8    5.0
mom14d top5 equal | BTC>SMA200d       -9.2    0.22   -78.9 -22.7   6.6       -38.5    0.0   30.6    0.0  -23.8  -12.8  -38.5    5.0
mom30d top10 equal | BTC>SMA200d      -7.8    0.20   -80.2 -11.4  -4.1       -44.4    0.0   32.4    0.0    5.5  -22.2  -44.4    1.3
mom30d top10 equal | BTC>SMA50d&200d  -3.3    0.20   -70.3  -9.4   3.1       -39.1    0.0   28.5    0.0   16.4  -11.6  -39.1    1.3
mom14d top10 vol40 | BTC>SMA50d&200d  -0.7    0.20   -58.8 -10.1   9.8       -21.0    0.0   -2.3    0.0   42.5    6.6  -21.0  -18.0
mom14d top10 equal | BTC>SMA50d&200d  -6.2    0.13   -68.4 -14.9   3.3       -31.1    0.0    4.1    0.0   27.3  -19.6  -31.1   -7.4
mom14d top10 vol40 | BTC>SMA200d      -7.0    0.11   -63.3 -15.0   1.8       -28.4    0.0  -10.4    0.0   31.7   -6.3  -28.4  -18.0
PIT top20 EW hold                    -24.1    0.10   -97.6 -17.8 -29.9       -86.8   50.7  239.8  -86.8   34.5    4.5  -63.3  -45.2
mom14d top10 equal | BTC>SMA200d     -16.2    0.03   -80.1 -24.0  -7.7       -41.0    0.0  -12.7    0.0    8.0  -33.0  -41.0   -7.4
exit=0
