candidates=60 universe=20 bars=13223 2020-10-01..2026-09-29

costs: 10 bps taker + 5 bps slippage per side
                           cagr  sharpe  max_dd  turnover_yr  h1_cagr  h2_cagr  exposure
rule                                                                                    
BTC buy&hold               40.2    0.88   -77.0         0.00     34.8     45.8     100.0
PIT EW buy&hold (weekly)   28.5    0.72   -84.5         4.44     39.5     18.4      98.4
TS trend SMA50 (PIT EW)    13.2    0.51   -63.6       145.42     17.8      8.7      43.9
BTC trend SMA50            -0.3    0.19   -73.6       149.39     -4.9      4.6      51.0
TS trend SMA100 (PIT EW)   28.4    0.81   -55.7        95.96     31.7     25.1      43.3
BTC trend SMA100           11.4    0.48   -53.3        95.56      5.1     18.1      50.5
TS trend SMA200 (PIT EW)   32.2    0.87   -54.6        66.60     33.4     31.1      42.9
BTC trend SMA200           31.2    0.95   -37.4        57.14     26.0     36.7      48.4
XS mom 14d top3 +BTC gate  78.1    1.16   -71.9        34.61     65.1     92.1      49.8
XS mom 14d top5 +BTC gate  71.9    1.17   -68.6        31.30     81.9     62.5      49.8
XS mom 30d top3 +BTC gate  84.0    1.19   -69.4        26.44     86.2     81.8      49.8
XS mom 30d top5 +BTC gate  66.5    1.11   -66.7        25.21     80.3     53.8      49.8
XS mom 60d top3 +BTC gate  39.1    0.82   -77.2        24.79     59.7     21.1      48.5
XS mom 60d top5 +BTC gate  54.9    1.01   -65.1        21.23     53.0     56.7      48.5

real	4m15.833s
user	0m0.015s
sys	0m0.000s
